[1/6] Installing dependencies...
/home/me/miniconda3/lib/python3.13/site-packages/requests/__init__.py:113: RequestsDependencyWarning: urllib3 (2.6.1) or chardet (7.6.0)/charset_normalizer (3.4.4) doesn't match a supported version!
  warnings.warn(
/home/me/miniconda3/lib/python3.13/site-packages/requests/__init__.py:113: RequestsDependencyWarning: urllib3 (2.6.1) or chardet (7.6.0)/charset_normalizer (3.4.4) doesn't match a supported version!
  warnings.warn(
ERROR: pip's dependency resolver does not currently take into account all the packages that are installed. This behaviour is the source of the following dependency conflicts.
ml-dtypes 0.6.0 requires numpy>=2.0.0, but you have numpy 1.26.4 which is incompatible.
[2/6] Preparing Dataset Manifests...
Prepared 91 recordings.
[3/6] Setting up Icefall...
[4/6] Downloading Pre-trained Checkpoint and BPE model...
ERROR: pip's dependency resolver does not currently take into account all the packages that are installed. This behaviour is the source of the following dependency conflicts.
ml-dtypes 0.6.0 requires numpy>=2.0.0, but you have numpy 1.26.4 which is incompatible.
[5/6] Running PyTorch Fine-Tuning...
2026-09-19 18:45:08,170 INFO [finetune.py:1209] Training started
2026-09-19 18:45:08,171 INFO [finetune.py:1219] Device: cpu
2026-09-19 18:45:08,172 INFO [finetune.py:1231] {
  "am_scale": 0.0,
  "average_period": 200,
  "base_lr": 0.0045,
  "batch_idx_train": 0,
  "best_train_epoch": -1,
  "best_train_loss": Infinity,
  "best_valid_epoch": -1,
  "best_valid_loss": Infinity,
  "blank_id": 0,
  "bpe_model": "data/lang_bpe_500/bpe.model",
  "bucketing_sampler": true,
  "causal": false,
  "chunk_size": "16,32,64,-1",
  "cnn_module_kernel": "31,31,15,15,15,31",
  "concatenate_cuts": false,
  "context_size": 2,
  "ctc_loss_scale": 0.2,
  "decoder_dim": 512,
  "do_finetune": true,
  "downsampling_factor": "1,2,4,8,4,2",
  "drop_last": false,
  "duration_factor": 1.0,
  "enable_musan": false,
  "enable_spec_aug": true,
  "encoder_dim": "192,256,384,512,384,256",
  "encoder_unmasked_dim": "192,192,256,256,256,192",
  "env_info": {
    "IP address": "127.0.1.1",
    "hostname": "sunil-HP-250-15-6-inch-G9-Notebook-PC",
    "icefall-git-branch": "master",
    "icefall-git-date": "Thu Jul 16 06:57:13 2026",
    "icefall-git-sha1": "3f848bb6-dirty",
    "icefall-path": "/home/me/Videos/arduinohack/Blister-bot-main-/code/stt_dataset_collector/icefall",
    "k2-build-type": "Release",
    "k2-git-date": "Fri Feb 23 01:48:38 2024",
    "k2-git-sha1": "ff1d435a8d3c4eaa15828a84a7240678a70539a7",
    "k2-path": "/home/me/miniconda3/envs/icefall_env/lib/python3.10/site-packages/k2/__init__.py",
    "k2-version": "1.24.4",
    "k2-with-cuda": false,
    "lhotse-path": "/home/me/miniconda3/envs/icefall_env/lib/python3.10/site-packages/lhotse/__init__.py",
    "lhotse-version": "1.33.0",
    "python-version": "3.10",
    "torch-cuda-available": false,
    "torch-cuda-version": "11.8",
    "torch-version": "2.1.2+cu118"
  },
  "exp_dir": "zipformer/exp",
  "feature_dim": 80,
  "feedforward_dim": "512,768,1024,1536,1024,768",
  "finetune_ckpt": "../../../pretrained.pt",
  "full_libri": true,
  "gap": 1.0,
  "inf_check": false,
  "init_modules": null,
  "input_strategy": "AudioSamples",
  "joiner_dim": 512,
  "keep_last_k": 30,
  "left_context_frames": "64,128,256,-1",
  "lm_scale": 0.25,
  "log_interval": 50,
  "lr_batches": 100000.0,
  "lr_epochs": 100.0,
  "manifest_dir": "../../../../custom_corpus",
  "master_port": 12354,
  "max_duration": 200.0,
  "mini_libri": false,
  "num_buckets": 30,
  "num_encoder_layers": "2,2,3,4,3,2",
  "num_epochs": 10,
  "num_heads": "4,4,4,8,4,4",
  "num_workers": 2,
  "on_the_fly_feats": true,
  "pos_dim": 48,
  "pos_head_dim": "4",
  "print_diagnostics": false,
  "prune_range": 5,
  "query_head_dim": "32",
  "ref_duration": 600,
  "reset_interval": 200,
  "return_cuts": true,
  "save_every_n": 4000,
  "seed": 42,
  "shuffle": true,
  "simple_loss_scale": 0.5,
  "spec_aug_time_warp_factor": 80,
  "start_batch": 0,
  "start_epoch": 1,
  "subsampling_factor": 4,
  "tensorboard": true,
  "use_ctc": false,
  "use_fp16": false,
  "use_mux": false,
  "use_transducer": true,
  "valid_interval": 3000,
  "value_head_dim": "12",
  "vocab_size": 500,
  "warm_step": 2000,
  "world_size": 1
}
2026-09-19 18:45:08,172 INFO [finetune.py:1233] About to create model
2026-09-19 18:45:08,479 INFO [finetune.py:1237] Number of model parameters: 65549011
2026-09-19 18:45:08,761 INFO [finetune.py:772] Loading checkpoint from ../../../pretrained.pt
2026-09-19 18:45:09,405 INFO [asr_datamodule.py:488] About to get Gigaspeech subset-S cuts
2026-09-19 18:45:09,406 INFO [finetune.py:1310] CutSet(len=91) [underlying data type: <class 'lhotse.lazy.LazyManifestIterator'>]
2026-09-19 18:45:09,406 INFO [asr_datamodule.py:239] Disable MUSAN
2026-09-19 18:45:09,406 INFO [asr_datamodule.py:257] Enable SpecAugment
2026-09-19 18:45:09,406 INFO [asr_datamodule.py:258] Time warp factor: 80
2026-09-19 18:45:09,406 INFO [asr_datamodule.py:268] Num frame mask: 10
2026-09-19 18:45:09,406 INFO [asr_datamodule.py:281] About to create train dataset
2026-09-19 18:45:09,407 INFO [asr_datamodule.py:308] Using DynamicBucketingSampler.
2026-09-19 18:45:09,409 INFO [asr_datamodule.py:324] About to create train dataloader
2026-09-19 18:45:09,409 INFO [asr_datamodule.py:460] About to get dev-clean cuts
2026-09-19 18:45:09,410 INFO [asr_datamodule.py:467] About to get dev-other cuts
2026-09-19 18:45:09,410 INFO [asr_datamodule.py:493] About to get Gigaspeech dev cuts
2026-09-19 18:45:09,410 INFO [asr_datamodule.py:355] About to create dev dataset
2026-09-19 18:45:09,415 INFO [asr_datamodule.py:372] About to create dev dataloader
2026-09-19 18:45:09,415 INFO [asr_datamodule.py:355] About to create dev dataset
2026-09-19 18:45:09,418 INFO [asr_datamodule.py:372] About to create dev dataloader
2026-09-19 18:45:09,418 INFO [finetune.py:1482] Sanity check -- see if any of the batches in epoch 1 would cause OOM.
2026-09-19 18:45:10,044 INFO [finetune.py:1510] Maximum memory allocated so far is 0MB
2026-09-19 18:45:10,652 INFO [finetune.py:1510] Maximum memory allocated so far is 0MB
2026-09-19 18:45:11,895 INFO [finetune.py:1510] Maximum memory allocated so far is 0MB
2026-09-19 18:45:13,161 INFO [finetune.py:1510] Maximum memory allocated so far is 0MB
2026-09-19 18:45:14,403 INFO [finetune.py:1510] Maximum memory allocated so far is 0MB
2026-09-19 18:45:15,614 INFO [finetune.py:1510] Maximum memory allocated so far is 0MB
2026-09-19 18:45:18,019 INFO [finetune.py:1138] Epoch 1, batch 0, loss[loss=2.575, simple_loss=2.368, pruned_loss=2.068, over 229.00 frames. ], tot_loss[loss=2.575, simple_loss=2.368, pruned_loss=2.068, over 229.00 frames. ], batch size: 3, lr:  2.25e-03, 
2026-09-19 18:45:18,020 INFO [finetune.py:1162] Computing validation loss on librispeech
2026-09-19 18:45:43,356 INFO [finetune.py:1171] Validation on librispeech: Epoch 1, validation: loss=3.571, simple_loss=3.268, pruned_loss=3.031, over 9376.00 frames. 
2026-09-19 18:45:43,356 INFO [finetune.py:1174] Maximum memory allocated so far is 0MB
2026-09-19 18:45:43,356 INFO [finetune.py:1162] Computing validation loss on gigaspeech
2026-09-19 18:45:58,273 INFO [finetune.py:1171] Validation on gigaspeech: Epoch 1, validation: loss=3.572, simple_loss=3.268, pruned_loss=3.03, over 4688.00 frames. 
2026-09-19 18:45:58,273 INFO [finetune.py:1174] Maximum memory allocated so far is 0MB
2026-09-19 18:46:02,230 INFO [scaling.py:1028] Whitening: name=encoder.encoders.2.encoder.layers.2.self_attn_weights.whiten_keys, num_groups=4, num_channels=128, metric=5.24 vs. limit=6.0
2026-09-19 18:46:05,354 INFO [scaling.py:1028] Whitening: name=encoder.encoders.0.layers.0.feed_forward3.out_whiten, num_groups=1, num_channels=192, metric=42.76 vs. limit=15.0
2026-09-19 18:46:12,883 INFO [scaling.py:218] ScheduledFloat: name=encoder.encoders.4.encoder.layers.1.nonlin_attention.whiten2.whitening_limit, batch_count=100000.0, ans=15.0
2026-09-19 18:46:17,730 INFO [scaling.py:218] ScheduledFloat: name=encoder.encoders.2.encoder.layers.2.bypass.skip_rate, batch_count=100000.0, ans=0.07
2026-09-19 18:46:21,989 WARNING [optim.py:588] Clipping_scale=2.0, grad-norm quartiles 5.108e+01 1.354e+02 1.428e+02 1.827e+02 2.225e+02, threshold=5.714e+02, percent-clipped=0.0
2026-09-19 18:46:48,998 WARNING [optim.py:588] Clipping_scale=2.0, grad-norm quartiles 5.108e+01 1.397e+02 1.601e+02 1.992e+02 2.631e+02, threshold=6.404e+02, percent-clipped=0.0
2026-09-19 18:46:51,510 INFO [scaling.py:1028] Whitening: name=encoder.encoders.0.layers.0.conv_module1.whiten, num_groups=1, num_channels=192, metric=17.37 vs. limit=15.0
2026-09-19 18:46:53,510 INFO [scaling.py:1028] Whitening: name=encoder.encoders.3.encoder.layers.2.nonlin_attention.whiten2, num_groups=1, num_channels=512, metric=49.83 vs. limit=15.0
2026-09-19 18:47:04,007 INFO [checkpoint.py:78] Saving checkpoint to zipformer/exp/epoch-1.pt
2026-09-19 18:47:11,545 INFO [finetune.py:1138] Epoch 2, batch 0, loss[loss=1.064, simple_loss=0.9821, pruned_loss=0.7912, over 229.00 frames. ], tot_loss[loss=1.064, simple_loss=0.9821, pruned_loss=0.7912, over 229.00 frames. ], batch size: 3, lr:  2.37e-03, 
2026-09-19 18:47:11,546 INFO [finetune.py:1162] Computing validation loss on librispeech
2026-09-19 18:47:44,996 INFO [finetune.py:1171] Validation on librispeech: Epoch 2, validation: loss=1.395, simple_loss=1.295, pruned_loss=0.9646, over 9376.00 frames. 
2026-09-19 18:47:44,996 INFO [finetune.py:1174] Maximum memory allocated so far is 0MB
2026-09-19 18:47:44,997 INFO [finetune.py:1162] Computing validation loss on gigaspeech
2026-09-19 18:48:00,972 INFO [finetune.py:1171] Validation on gigaspeech: Epoch 2, validation: loss=1.395, simple_loss=1.296, pruned_loss=0.9645, over 4688.00 frames. 
2026-09-19 18:48:00,972 INFO [finetune.py:1174] Maximum memory allocated so far is 0MB
2026-09-19 18:48:12,209 INFO [scaling.py:1124] WithLoss: name=encoder.encoders.2.encoder.layers.0.self_attn_weights, loss-sum=0.000e+00
2026-09-19 18:48:14,502 INFO [scaling.py:1028] Whitening: name=encoder.encoders.2.encoder.layers.0.feed_forward3.out_whiten, num_groups=1, num_channels=384, metric=82.98 vs. limit=15.0
2026-09-19 18:48:24,571 INFO [scaling.py:1028] Whitening: name=encoder.encoders.4.encoder.layers.1.nonlin_attention.whiten1, num_groups=1, num_channels=288, metric=16.56 vs. limit=10.0
2026-09-19 18:48:38,583 WARNING [optim.py:588] Clipping_scale=2.0, grad-norm quartiles 3.253e+01 1.093e+02 1.399e+02 1.651e+02 2.631e+02, threshold=5.596e+02, percent-clipped=0.0
2026-09-19 18:48:39,745 INFO [scaling.py:1028] Whitening: name=encoder.encoders.5.encoder.layers.1.feed_forward3.out_whiten, num_groups=1, num_channels=256, metric=82.35 vs. limit=15.0
2026-09-19 18:48:42,524 INFO [scaling.py:1028] Whitening: name=encoder.encoders.3.encoder.layers.1.self_attn_weights.whiten_keys, num_groups=8, num_channels=256, metric=6.85 vs. limit=6.0
2026-09-19 18:48:54,129 INFO [scaling.py:1028] Whitening: name=encoder.encoders.3.encoder.layers.1.feed_forward2.out_whiten, num_groups=1, num_channels=512, metric=41.39 vs. limit=15.0
2026-09-19 18:48:54,331 INFO [scaling.py:218] ScheduledFloat: name=encoder.encoders.2.encoder.layers.0.self_attn1.whiten.whitening_limit, batch_count=100015.33333333333, ans=22.5
2026-09-19 18:48:56,346 INFO [scaling.py:218] ScheduledFloat: name=encoder.encoders.5.encoder.layers.0.conv_module2.balancer1.max_abs, batch_count=100015.33333333333, ans=10.0
2026-09-19 18:48:57,005 INFO [scaling.py:1028] Whitening: name=encoder.encoders.3.encoder.layers.1.conv_module1.whiten, num_groups=1, num_channels=512, metric=26.96 vs. limit=15.0
2026-09-19 18:49:08,862 INFO [checkpoint.py:78] Saving checkpoint to zipformer/exp/epoch-2.pt
2026-09-19 18:49:14,176 INFO [scaling.py:218] ScheduledFloat: name=encoder.encoders.2.encoder.layers.1.bypass.skip_rate, batch_count=100017.33333333333, ans=0.07
2026-09-19 18:49:15,157 INFO [scaling.py:1028] Whitening: name=encoder.encoders.3.encoder.layers.3.feed_forward2.out_whiten, num_groups=1, num_channels=512, metric=28.72 vs. limit=15.0
2026-09-19 18:49:18,042 INFO [finetune.py:1138] Epoch 3, batch 0, loss[loss=0.3733, simple_loss=0.3624, pruned_loss=0.1266, over 229.00 frames. ], tot_loss[loss=0.3733, simple_loss=0.3624, pruned_loss=0.1266, over 229.00 frames. ], batch size: 3, lr:  2.49e-03, 
2026-09-19 18:49:18,044 INFO [finetune.py:1162] Computing validation loss on librispeech
2026-09-19 18:49:46,428 INFO [finetune.py:1171] Validation on librispeech: Epoch 3, validation: loss=0.506, simple_loss=0.4983, pruned_loss=0.115, over 9376.00 frames. 
2026-09-19 18:49:46,428 INFO [finetune.py:1174] Maximum memory allocated so far is 0MB
2026-09-19 18:49:46,429 INFO [finetune.py:1162] Computing validation loss on gigaspeech
2026-09-19 18:50:00,734 INFO [finetune.py:1171] Validation on gigaspeech: Epoch 3, validation: loss=0.506, simple_loss=0.4983, pruned_loss=0.115, over 4688.00 frames. 
2026-09-19 18:50:00,734 INFO [finetune.py:1174] Maximum memory allocated so far is 0MB
2026-09-19 18:50:06,572 INFO [scaling.py:218] ScheduledFloat: name=encoder.encoders.2.encoder.layers.1.conv_skip_rate, batch_count=100017.33333333333, ans=0.0
2026-09-19 18:50:10,082 INFO [scaling.py:1028] Whitening: name=encoder.encoders.5.encoder.layers.0.feed_forward1.out_whiten, num_groups=1, num_channels=256, metric=29.14 vs. limit=15.0
2026-09-19 18:50:19,129 INFO [scaling.py:1028] Whitening: name=encoder.encoders.3.encoder.layers.0.conv_module1.whiten, num_groups=1, num_channels=512, metric=38.41 vs. limit=15.0
2026-09-19 18:50:30,229 INFO [scaling.py:1028] Whitening: name=encoder.encoders.3.encoder.layers.0.nonlin_attention.whiten2, num_groups=1, num_channels=512, metric=27.56 vs. limit=15.0
2026-09-19 18:50:32,804 INFO [scaling.py:1028] Whitening: name=encoder.encoders.3.encoder.layers.3.feed_forward2.out_whiten, num_groups=1, num_channels=512, metric=32.60 vs. limit=15.0
2026-09-19 18:50:47,427 INFO [scaling.py:218] ScheduledFloat: name=encoder.encoders.0.layers.1.ff2_skip_rate, batch_count=100020.66666666667, ans=0.0
2026-09-19 18:50:48,127 INFO [scaling.py:1028] Whitening: name=encoder.encoders.4.encoder.layers.2.feed_forward3.out_whiten, num_groups=1, num_channels=384, metric=127.81 vs. limit=15.0
2026-09-19 18:50:51,043 INFO [scaling.py:1028] Whitening: name=encoder.encoders.5.encoder.layers.0.whiten, num_groups=1, num_channels=256, metric=24.24 vs. limit=12.0
2026-09-19 18:50:53,630 INFO [scaling.py:218] ScheduledFloat: name=encoder.encoders.3.encoder.layers.3.conv_skip_rate, batch_count=100024.0, ans=0.0
2026-09-19 18:51:06,269 INFO [checkpoint.py:78] Saving checkpoint to zipformer/exp/epoch-3.pt
2026-09-19 18:51:14,873 INFO [finetune.py:1138] Epoch 4, batch 0, loss[loss=0.2789, simple_loss=0.2751, pruned_loss=0.06803, over 229.00 frames. ], tot_loss[loss=0.2789, simple_loss=0.2751, pruned_loss=0.06803, over 229.00 frames. ], batch size: 3, lr:  2.60e-03, 
2026-09-19 18:51:14,875 INFO [finetune.py:1162] Computing validation loss on librispeech
2026-09-19 18:51:42,265 INFO [finetune.py:1171] Validation on librispeech: Epoch 4, validation: loss=0.3729, simple_loss=0.3684, pruned_loss=0.08685, over 9376.00 frames. 
2026-09-19 18:51:42,266 INFO [finetune.py:1174] Maximum memory allocated so far is 0MB
2026-09-19 18:51:42,266 INFO [finetune.py:1162] Computing validation loss on gigaspeech
2026-09-19 18:51:56,715 INFO [finetune.py:1171] Validation on gigaspeech: Epoch 4, validation: loss=0.3729, simple_loss=0.3684, pruned_loss=0.08678, over 4688.00 frames. 
2026-09-19 18:51:56,715 INFO [finetune.py:1174] Maximum memory allocated so far is 0MB
2026-09-19 18:52:05,770 INFO [scaling.py:1028] Whitening: name=encoder.encoders.4.encoder.layers.2.nonlin_attention.whiten1, num_groups=1, num_channels=288, metric=22.11 vs. limit=10.0
2026-09-19 18:52:27,595 INFO [scaling.py:1028] Whitening: name=encoder.encoders.4.encoder.layers.0.feed_forward1.out_whiten, num_groups=1, num_channels=384, metric=16.97 vs. limit=15.0
2026-09-19 18:52:40,672 INFO [scaling.py:1028] Whitening: name=encoder.encoders.3.encoder.layers.3.feed_forward1.out_whiten, num_groups=1, num_channels=512, metric=38.90 vs. limit=15.0
2026-09-19 18:52:42,924 INFO [scaling.py:218] ScheduledFloat: name=encoder.encoders.5.encoder.layers.0.feed_forward3.hidden_balancer.prob, batch_count=100029.33333333333, ans=0.125
2026-09-19 18:52:51,580 INFO [scaling.py:1028] Whitening: name=encoder.encoders.1.encoder.layers.0.feed_forward3.out_whiten, num_groups=1, num_channels=256, metric=18.00 vs. limit=15.0
2026-09-19 18:52:52,148 WARNING [optim.py:588] Clipping_scale=2.0, grad-norm quartiles 1.010e+01 4.083e+01 8.147e+01 1.354e+02 2.900e+02, threshold=1.629e+02, percent-clipped=0.0
2026-09-19 18:52:53,251 INFO [scaling.py:218] ScheduledFloat: name=encoder.encoders.2.encoder.layers.2.bypass.skip_rate, batch_count=100032.66666666667, ans=0.07
2026-09-19 18:52:54,059 INFO [scaling.py:1028] Whitening: name=encoder.encoders.3.encoder.layers.1.conv_module2.whiten, num_groups=1, num_channels=512, metric=24.59 vs. limit=15.0
2026-09-19 18:53:00,796 INFO [checkpoint.py:78] Saving checkpoint to zipformer/exp/epoch-4.pt
2026-09-19 18:53:06,729 INFO [scaling.py:1028] Whitening: name=encoder.encoders.2.encoder.layers.1.nonlin_attention.whiten1, num_groups=1, num_channels=288, metric=10.90 vs. limit=10.0
2026-09-19 18:53:09,065 INFO [finetune.py:1138] Epoch 5, batch 0, loss[loss=0.1793, simple_loss=0.1736, pruned_loss=0.06956, over 229.00 frames. ], tot_loss[loss=0.1793, simple_loss=0.1736, pruned_loss=0.06956, over 229.00 frames. ], batch size: 3, lr:  2.72e-03, 
2026-09-19 18:53:09,066 INFO [finetune.py:1162] Computing validation loss on librispeech
2026-09-19 18:53:37,084 INFO [finetune.py:1171] Validation on librispeech: Epoch 5, validation: loss=0.2311, simple_loss=0.2158, pruned_loss=0.1421, over 9376.00 frames. 
2026-09-19 18:53:37,084 INFO [finetune.py:1174] Maximum memory allocated so far is 0MB
2026-09-19 18:53:37,085 INFO [finetune.py:1162] Computing validation loss on gigaspeech
2026-09-19 18:53:51,822 INFO [finetune.py:1171] Validation on gigaspeech: Epoch 5, validation: loss=0.2311, simple_loss=0.2158, pruned_loss=0.1422, over 4688.00 frames. 
2026-09-19 18:53:51,823 INFO [finetune.py:1174] Maximum memory allocated so far is 0MB
2026-09-19 18:54:12,515 INFO [scaling.py:1028] Whitening: name=encoder.encoders.5.encoder.layers.0.nonlin_attention.whiten1, num_groups=1, num_channels=192, metric=11.29 vs. limit=10.0
2026-09-19 18:54:26,218 INFO [scaling.py:218] ScheduledFloat: name=encoder.encoders.3.encoder.layers.3.bypass_mid.scale_min, batch_count=100038.0, ans=0.2
2026-09-19 18:54:42,040 INFO [scaling.py:1028] Whitening: name=encoder.encoders.4.encoder.layers.1.nonlin_attention.whiten2, num_groups=1, num_channels=384, metric=20.70 vs. limit=15.0
2026-09-19 18:54:57,074 INFO [checkpoint.py:78] Saving checkpoint to zipformer/exp/epoch-5.pt
2026-09-19 18:55:05,472 INFO [finetune.py:1138] Epoch 6, batch 0, loss[loss=0.0609, simple_loss=0.04942, pruned_loss=0.08243, over 229.00 frames. ], tot_loss[loss=0.0609, simple_loss=0.04942, pruned_loss=0.08243, over 229.00 frames. ], batch size: 3, lr:  2.84e-03, 
2026-09-19 18:55:05,473 INFO [finetune.py:1162] Computing validation loss on librispeech
2026-09-19 18:55:33,268 INFO [finetune.py:1171] Validation on librispeech: Epoch 6, validation: loss=0.06977, simple_loss=0.05846, pruned_loss=0.08326, over 9376.00 frames. 
2026-09-19 18:55:33,268 INFO [finetune.py:1174] Maximum memory allocated so far is 0MB
2026-09-19 18:55:33,269 INFO [finetune.py:1162] Computing validation loss on gigaspeech
2026-09-19 18:55:48,496 INFO [finetune.py:1171] Validation on gigaspeech: Epoch 6, validation: loss=0.06994, simple_loss=0.05862, pruned_loss=0.08332, over 4688.00 frames. 
2026-09-19 18:55:48,496 INFO [finetune.py:1174] Maximum memory allocated so far is 0MB
2026-09-19 18:55:49,830 INFO [scaling.py:1028] Whitening: name=encoder.encoders.2.encoder.layers.0.conv_module1.whiten, num_groups=1, num_channels=384, metric=22.73 vs. limit=15.0
2026-09-19 18:55:52,692 INFO [scaling.py:1028] Whitening: name=encoder.encoders.3.encoder.layers.1.nonlin_attention.whiten2, num_groups=1, num_channels=512, metric=31.38 vs. limit=15.0
2026-09-19 18:55:55,593 INFO [scaling.py:1028] Whitening: name=encoder.encoders.2.encoder.layers.1.nonlin_attention.whiten2, num_groups=1, num_channels=384, metric=20.20 vs. limit=15.0
2026-09-19 18:55:55,601 INFO [scaling.py:1028] Whitening: name=encoder.encoders.2.encoder.layers.1.feed_forward1.out_whiten, num_groups=1, num_channels=384, metric=19.22 vs. limit=15.0
2026-09-19 18:56:14,528 INFO [scaling.py:218] ScheduledFloat: name=encoder.encoders.3.encoder.layers.1.conv_module2.balancer1.prob, batch_count=100046.66666666667, ans=0.125
2026-09-19 18:56:17,440 INFO [scaling.py:218] ScheduledFloat: name=encoder.encoders.3.encoder.layers.3.nonlin_attention.balancer.prob, batch_count=100046.66666666667, ans=0.125
2026-09-19 18:56:21,183 INFO [scaling.py:1028] Whitening: name=encoder.encoders.3.encoder.layers.0.nonlin_attention.whiten2, num_groups=1, num_channels=512, metric=25.21 vs. limit=15.0
2026-09-19 18:56:27,108 INFO [scaling.py:218] ScheduledFloat: name=encoder.encoders.4.encoder.layers.2.feed_forward3.out_whiten.whitening_limit, batch_count=100046.66666666667, ans=15.0
2026-09-19 18:56:37,961 INFO [scaling.py:1028] Whitening: name=encoder.encoders.4.encoder.layers.2.nonlin_attention.whiten2, num_groups=1, num_channels=384, metric=18.92 vs. limit=15.0
2026-09-19 18:56:57,761 INFO [checkpoint.py:78] Saving checkpoint to zipformer/exp/epoch-6.pt
2026-09-19 18:57:06,324 INFO [finetune.py:1138] Epoch 7, batch 0, loss[loss=0.04421, simple_loss=0.03344, pruned_loss=0.07075, over 229.00 frames. ], tot_loss[loss=0.04421, simple_loss=0.03344, pruned_loss=0.07075, over 229.00 frames. ], batch size: 3, lr:  2.95e-03, 
2026-09-19 18:57:06,326 INFO [finetune.py:1162] Computing validation loss on librispeech
2026-09-19 18:57:34,410 INFO [finetune.py:1171] Validation on librispeech: Epoch 7, validation: loss=0.07889, simple_loss=0.06423, pruned_loss=0.1007, over 9376.00 frames. 
2026-09-19 18:57:34,410 INFO [finetune.py:1174] Maximum memory allocated so far is 0MB
2026-09-19 18:57:34,411 INFO [finetune.py:1162] Computing validation loss on gigaspeech
2026-09-19 18:57:49,047 INFO [finetune.py:1171] Validation on gigaspeech: Epoch 7, validation: loss=0.07891, simple_loss=0.0642, pruned_loss=0.101, over 4688.00 frames. 
2026-09-19 18:57:49,047 INFO [finetune.py:1174] Maximum memory allocated so far is 0MB
2026-09-19 18:57:55,318 INFO [scaling.py:218] ScheduledFloat: name=encoder.encoders.4.encoder.layers.0.feed_forward1.out_proj.dropout_p, batch_count=100052.0, ans=0.1
2026-09-19 18:58:56,135 INFO [checkpoint.py:78] Saving checkpoint to zipformer/exp/epoch-7.pt
2026-09-19 18:59:03,274 INFO [finetune.py:1138] Epoch 8, batch 0, loss[loss=0.05312, simple_loss=0.04679, pruned_loss=0.04644, over 229.00 frames. ], tot_loss[loss=0.05312, simple_loss=0.04679, pruned_loss=0.04644, over 229.00 frames. ], batch size: 3, lr:  3.07e-03, 
2026-09-19 18:59:03,275 INFO [finetune.py:1162] Computing validation loss on librispeech
2026-09-19 18:59:32,990 INFO [finetune.py:1171] Validation on librispeech: Epoch 8, validation: loss=0.06928, simple_loss=0.05877, pruned_loss=0.07237, over 9376.00 frames. 
2026-09-19 18:59:32,990 INFO [finetune.py:1174] Maximum memory allocated so far is 0MB
2026-09-19 18:59:32,991 INFO [finetune.py:1162] Computing validation loss on gigaspeech
2026-09-19 18:59:48,529 INFO [finetune.py:1171] Validation on gigaspeech: Epoch 8, validation: loss=0.06927, simple_loss=0.05877, pruned_loss=0.07233, over 4688.00 frames. 
2026-09-19 18:59:48,529 INFO [finetune.py:1174] Maximum memory allocated so far is 0MB
2026-09-19 18:59:52,719 INFO [scaling.py:1028] Whitening: name=encoder.encoders.4.encoder.layers.0.nonlin_attention.whiten1, num_groups=1, num_channels=288, metric=14.93 vs. limit=10.0
2026-09-19 18:59:55,897 INFO [scaling.py:1028] Whitening: name=encoder.encoders.1.encoder.layers.1.self_attn1.whiten, num_groups=1, num_channels=256, metric=29.32 vs. limit=22.5
2026-09-19 18:59:58,195 INFO [scaling.py:1028] Whitening: name=encoder.encoders.1.encoder.layers.0.whiten, num_groups=1, num_channels=256, metric=8.45 vs. limit=12.0
2026-09-19 19:00:35,199 WARNING [optim.py:588] Clipping_scale=2.0, grad-norm quartiles 6.732e+00 2.904e+01 4.030e+01 6.763e+01 1.491e+02, threshold=8.060e+01, percent-clipped=0.0
2026-09-19 19:00:54,253 INFO [checkpoint.py:78] Saving checkpoint to zipformer/exp/epoch-8.pt
2026-09-19 19:00:59,001 INFO [scaling.py:1124] WithLoss: name=encoder.encoders.3.encoder.layers.2.self_attn_weights, loss-sum=0.000e+00
2026-09-19 19:01:02,440 INFO [finetune.py:1138] Epoch 9, batch 0, loss[loss=0.04092, simple_loss=0.03475, pruned_loss=0.04116, over 229.00 frames. ], tot_loss[loss=0.04092, simple_loss=0.03475, pruned_loss=0.04116, over 229.00 frames. ], batch size: 3, lr:  3.19e-03, 
2026-09-19 19:01:02,441 INFO [finetune.py:1162] Computing validation loss on librispeech
2026-09-19 19:01:32,698 INFO [finetune.py:1171] Validation on librispeech: Epoch 9, validation: loss=0.05765, simple_loss=0.04879, pruned_loss=0.05883, over 9376.00 frames. 
2026-09-19 19:01:32,698 INFO [finetune.py:1174] Maximum memory allocated so far is 0MB
2026-09-19 19:01:32,699 INFO [finetune.py:1162] Computing validation loss on gigaspeech
2026-09-19 19:01:48,666 INFO [finetune.py:1171] Validation on gigaspeech: Epoch 9, validation: loss=0.05766, simple_loss=0.0488, pruned_loss=0.05881, over 4688.00 frames. 
2026-09-19 19:01:48,666 INFO [finetune.py:1174] Maximum memory allocated so far is 0MB
2026-09-19 19:01:57,904 INFO [scaling.py:218] ScheduledFloat: name=encoder.encoders.0.layers.0.self_attn_weights.pos_emb_skip_rate, batch_count=100069.33333333333, ans=0.0
2026-09-19 19:02:10,138 INFO [scaling.py:1028] Whitening: name=encoder.encoders.2.encoder.layers.2.self_attn_weights.whiten_keys, num_groups=4, num_channels=128, metric=3.58 vs. limit=6.0
2026-09-19 19:02:21,416 INFO [scaling.py:1028] Whitening: name=encoder.encoders.3.encoder.layers.2.conv_module1.whiten, num_groups=1, num_channels=512, metric=30.78 vs. limit=15.0
2026-09-19 19:02:38,190 INFO [scaling.py:1028] Whitening: name=encoder.encoders.3.encoder.layers.2.self_attn2.whiten, num_groups=1, num_channels=512, metric=74.82 vs. limit=22.5
2026-09-19 19:02:55,001 INFO [checkpoint.py:78] Saving checkpoint to zipformer/exp/epoch-9.pt
2026-09-19 19:03:05,055 INFO [scaling.py:1028] Whitening: name=encoder.encoders.1.encoder.layers.1.nonlin_attention.whiten2, num_groups=1, num_channels=256, metric=19.87 vs. limit=15.0
2026-09-19 19:03:07,120 INFO [finetune.py:1138] Epoch 10, batch 0, loss[loss=0.03757, simple_loss=0.03165, pruned_loss=0.03781, over 229.00 frames. ], tot_loss[loss=0.03757, simple_loss=0.03165, pruned_loss=0.03781, over 229.00 frames. ], batch size: 3, lr:  3.30e-03, 
2026-09-19 19:03:07,122 INFO [finetune.py:1162] Computing validation loss on librispeech
2026-09-19 19:03:35,045 INFO [finetune.py:1171] Validation on librispeech: Epoch 10, validation: loss=0.05956, simple_loss=0.0531, pruned_loss=0.04654, over 9376.00 frames. 
2026-09-19 19:03:35,045 INFO [finetune.py:1174] Maximum memory allocated so far is 0MB
2026-09-19 19:03:35,045 INFO [finetune.py:1162] Computing validation loss on gigaspeech
2026-09-19 19:03:49,691 INFO [finetune.py:1171] Validation on gigaspeech: Epoch 10, validation: loss=0.0595, simple_loss=0.05302, pruned_loss=0.04665, over 4688.00 frames. 
2026-09-19 19:03:49,691 INFO [finetune.py:1174] Maximum memory allocated so far is 0MB
2026-09-19 19:04:00,524 INFO [scaling.py:218] ScheduledFloat: name=encoder.encoders.4.encoder.layers.2.conv_module1.balancer1.prob, batch_count=100078.0, ans=0.125
2026-09-19 19:04:15,524 INFO [scaling.py:218] ScheduledFloat: name=encoder.encoders.3.encoder.layers.3.balancer_ff3.min_abs, batch_count=100081.33333333333, ans=0.2
2026-09-19 19:04:16,807 INFO [scaling.py:1028] Whitening: name=encoder.encoders.0.layers.1.nonlin_attention.whiten2, num_groups=1, num_channels=192, metric=8.14 vs. limit=15.0
2026-09-19 19:04:28,991 INFO [scaling.py:218] ScheduledFloat: name=encoder.encoders.1.encoder.layers.1.balancer1.prob, batch_count=100081.33333333333, ans=0.125
2026-09-19 19:04:55,713 INFO [checkpoint.py:78] Saving checkpoint to zipformer/exp/epoch-10.pt
2026-09-19 19:04:56,970 INFO [finetune.py:1434] Done!
[6/6] Exporting to ONNX format...
usage: export.py [-h] [--epoch EPOCH] [--iter ITER] [--avg AVG]
                 [--use-averaged-model USE_AVERAGED_MODEL] [--exp-dir EXP_DIR]
                 [--tokens TOKENS] [--jit JIT] [--context-size CONTEXT_SIZE]
                 [--num-encoder-layers NUM_ENCODER_LAYERS]
                 [--downsampling-factor DOWNSAMPLING_FACTOR]
                 [--feedforward-dim FEEDFORWARD_DIM] [--num-heads NUM_HEADS]
                 [--encoder-dim ENCODER_DIM] [--query-head-dim QUERY_HEAD_DIM]
                 [--value-head-dim VALUE_HEAD_DIM]
                 [--pos-head-dim POS_HEAD_DIM] [--pos-dim POS_DIM]
                 [--encoder-unmasked-dim ENCODER_UNMASKED_DIM]
                 [--cnn-module-kernel CNN_MODULE_KERNEL]
                 [--decoder-dim DECODER_DIM] [--joiner-dim JOINER_DIM]
                 [--attention-decoder-dim ATTENTION_DECODER_DIM]
                 [--attention-decoder-num-layers ATTENTION_DECODER_NUM_LAYERS]
                 [--attention-decoder-attention-dim ATTENTION_DECODER_ATTENTION_DIM]
                 [--attention-decoder-num-heads ATTENTION_DECODER_NUM_HEADS]
                 [--attention-decoder-feedforward-dim ATTENTION_DECODER_FEEDFORWARD_DIM]
                 [--causal CAUSAL] [--chunk-size CHUNK_SIZE]
                 [--left-context-frames LEFT_CONTEXT_FRAMES]
                 [--use-transducer USE_TRANSDUCER] [--use-ctc USE_CTC]
                 [--use-attention-decoder USE_ATTENTION_DECODER]
                 [--use-cr-ctc USE_CR_CTC]
export.py: error: unrecognized arguments: --onnx 1
